<?php return array (
  0 => 'Symfony\\Bundle\\FrameworkBundle\\Controller\\AbstractController',
  1 => 'App\\Controller\\Api\\LoginController',
  2 => 'App\\Controller\\Api\\StoryController',
  3 => 'App\\Controller\\Api\\UserController',
  4 => 'App\\Controller\\ChoiceController',
  5 => 'App\\Controller\\HomeController',
  6 => 'App\\Controller\\PageController',
  7 => 'App\\Controller\\ResetPasswordController',
  8 => 'App\\Controller\\SecurityController',
  9 => 'App\\Controller\\StoryController',
  10 => 'App\\Controller\\UserController',
  11 => 'App\\Entity\\Choice',
  12 => 'App\\Entity\\Page',
  13 => 'App\\Entity\\ResetPasswordRequest',
  14 => 'App\\Entity\\Story',
  15 => 'App\\Entity\\User',
  16 => 'App\\Entity\\UserStory',
  17 => 'Doctrine\\Bundle\\DoctrineBundle\\Controller\\ProfilerController',
  18 => 'Doctrine\\ORM\\Cache\\Persister\\Entity\\AbstractEntityPersister',
  19 => 'Doctrine\\ORM\\Cache\\Persister\\Entity\\CachedEntityPersister',
  20 => 'Doctrine\\ORM\\Cache\\Persister\\Entity\\NonStrictReadWriteCachedEntityPersister',
  21 => 'Doctrine\\ORM\\Cache\\Persister\\Entity\\ReadOnlyCachedEntityPersister',
  22 => 'Doctrine\\ORM\\Cache\\Persister\\Entity\\ReadWriteCachedEntityPersister',
  23 => 'Doctrine\\ORM\\Persisters\\Entity\\AbstractEntityInheritancePersister',
  24 => 'Doctrine\\ORM\\Persisters\\Entity\\BasicEntityPersister',
  25 => 'Doctrine\\ORM\\Persisters\\Entity\\CachedPersisterContext',
  26 => 'Doctrine\\ORM\\Persisters\\Entity\\EntityPersister',
  27 => 'Doctrine\\ORM\\Persisters\\Entity\\JoinedSubclassPersister',
  28 => 'Doctrine\\ORM\\Persisters\\Entity\\SingleTablePersister',
  29 => 'SymfonyCasts\\Bundle\\ResetPassword\\Controller\\ResetPasswordControllerTrait',
  31 => 'Symfony\\Bundle\\FrameworkBundle\\Controller\\ControllerResolver',
  32 => 'Symfony\\Bundle\\FrameworkBundle\\Controller\\RedirectController',
  33 => 'Symfony\\Bundle\\FrameworkBundle\\Controller\\TemplateController',
  34 => 'Symfony\\Bundle\\WebProfilerBundle\\Controller\\ExceptionPanelController',
  35 => 'Symfony\\Bundle\\WebProfilerBundle\\Controller\\ProfilerController',
  36 => 'Symfony\\Bundle\\WebProfilerBundle\\Controller\\RouterController',
  37 => 'Symfony\\Component\\HttpKernel\\Controller\\ArgumentResolver',
  38 => 'Symfony\\Component\\HttpKernel\\Controller\\ArgumentResolverInterface',
  39 => 'Symfony\\Component\\HttpKernel\\Controller\\ArgumentResolver\\DefaultValueResolver',
  40 => 'Symfony\\Component\\HttpKernel\\Controller\\ArgumentResolver\\NotTaggedControllerValueResolver',
  41 => 'Symfony\\Component\\HttpKernel\\Controller\\ArgumentResolver\\RequestAttributeValueResolver',
  42 => 'Symfony\\Component\\HttpKernel\\Controller\\ArgumentResolver\\RequestValueResolver',
  43 => 'Symfony\\Component\\HttpKernel\\Controller\\ArgumentResolver\\ServiceValueResolver',
  44 => 'Symfony\\Component\\HttpKernel\\Controller\\ArgumentResolver\\SessionValueResolver',
  45 => 'Symfony\\Component\\HttpKernel\\Controller\\ArgumentResolver\\TraceableValueResolver',
  46 => 'Symfony\\Component\\HttpKernel\\Controller\\ArgumentResolver\\VariadicValueResolver',
  47 => 'Symfony\\Component\\HttpKernel\\Controller\\ArgumentValueResolverInterface',
  48 => 'Symfony\\Component\\HttpKernel\\Controller\\ContainerControllerResolver',
  49 => 'Symfony\\Component\\HttpKernel\\Controller\\ControllerReference',
  50 => 'Symfony\\Component\\HttpKernel\\Controller\\ControllerResolver',
  51 => 'Symfony\\Component\\HttpKernel\\Controller\\ControllerResolverInterface',
  52 => 'Symfony\\Component\\HttpKernel\\Controller\\ErrorController',
  53 => 'Symfony\\Component\\HttpKernel\\Controller\\TraceableArgumentResolver',
  54 => 'Symfony\\Component\\HttpKernel\\Controller\\TraceableControllerResolver',
  55 => 'Symfony\\Component\\Security\\Http\\Controller\\UserValueResolver',
);